/bin/bash: line 75: python: command not found
